// Jest Snapshot v1, https://goo.gl/fbAQLP

exports[`<App /> Should render a snapshot 1`] = `
<div>
  <header
    className="header"
  >
    <div
      className="container"
    >
      <h1
        className="logo"
      >
        React Kickstarter
      </h1>
    </div>
  </header>
  <main>
    <div>
      <h1>
        REQ
      </h1>
    </div>
  </main>
  <footer>
    <small>
      Â© 2017 React Kickstarter
    </small>
  </footer>
</div>
`;
