// Jest Snapshot v1, https://goo.gl/fbAQLP

exports[`<Footer /> Should render a snapshot 1`] = `
<footer>
  <small>
    Â© 2017 React Kickstarter
  </small>
</footer>
`;
