// Jest Snapshot v1, https://goo.gl/fbAQLP

exports[`<Footer /> Render a snapshot 1`] = `
<footer>
  <small>
    Â© 
  </small>
</footer>
`;
