// Jest Snapshot v1, https://goo.gl/fbAQLP

exports[`<App /> Render a snapshot 1`] = `
<div>
  <header
    className="header"
  >
    <div
      className="container"
    >
      <h1
        className="logo"
      >
        REQ
      </h1>
      <p
        className="tagline"
      >
        Crafting the web
      </p>
    </div>
  </header>
  <main>
    <section>
      <h2>
        About
      </h2>
    </section>
  </main>
  <footer>
    <small>
      Â© 
      2018
    </small>
  </footer>
</div>
`;
