// Jest Snapshot v1, https://goo.gl/fbAQLP

exports[`<Header /> Should render a snapshot 1`] = `
<header
  className="header"
>
  <div
    className="container"
  >
    <h1
      className="logo"
    >
      React Kickstarter
    </h1>
  </div>
</header>
`;
