// Jest Snapshot v1, https://goo.gl/fbAQLP

exports[`<Header /> Render a snapshot 1`] = `
<header
  className="header"
>
  <h1
    className="logo"
  />
</header>
`;
